[SKIP] waybar/own-tree: own-tree path(s) not present under /home/builder/dotfiles: waybar/:hypr/.config/hypr/scripts/waybar-*
[PASS] waybar/layer-window-rules: no references
[PASS] waybar/autostart: no references
[PASS] waybar/keybinds: no references
[PASS] waybar/contract-json: no references
[PASS] waybar/matugen-templates: no references
[PASS] waybar/checker-internals: no references
[PASS] waybar/test-fixtures: no references
[PASS] waybar/cross-package-refs: no references
[PASS] waybar/install-stow-lists: no references
[PASS] waybar/systemd-units: no references
[PASS] waybar/dbus-activation: no references
[PASS] waybar/xdg-autostart: no references
[PASS] waybar/host-package: no references
[REPORT] waybar/planning-archive: 5007 reference(s)
[REPORT] waybar/repo-prose: 37 reference(s)
Summary: surface=waybar status=retired failed_classes=0
[SKIP] swaync/own-tree: own-tree path(s) not present under /home/builder/dotfiles: swaync/:hypr/.config/hypr/scripts/swaync-*
[PASS] swaync/layer-window-rules: no references
[PASS] swaync/autostart: no references
[PASS] swaync/keybinds: no references
[PASS] swaync/contract-json: no references
[PASS] swaync/matugen-templates: no references
[PASS] swaync/checker-internals: no references
[PASS] swaync/test-fixtures: no references
[PASS] swaync/cross-package-refs: no references
[PASS] swaync/install-stow-lists: no references
[PASS] swaync/systemd-units: no references
[PASS] swaync/dbus-activation: no references
[PASS] swaync/xdg-autostart: no references
[PASS] swaync/host-package: no references
[REPORT] swaync/planning-archive: 1853 reference(s)
[REPORT] swaync/repo-prose: 9 reference(s)
Summary: surface=swaync status=retired failed_classes=0
[SKIP] swayosd/own-tree: own-tree path(s) not present under /home/builder/dotfiles: swayosd/
[PASS] swayosd/layer-window-rules: no references
[PASS] swayosd/autostart: no references
[PASS] swayosd/keybinds: no references
[PASS] swayosd/contract-json: no references
[PASS] swayosd/matugen-templates: no references
[PASS] swayosd/checker-internals: no references
[PASS] swayosd/test-fixtures: no references
[PASS] swayosd/cross-package-refs: no references
[PASS] swayosd/install-stow-lists: no references
[PASS] swayosd/systemd-units: no references
[PASS] swayosd/dbus-activation: no references
[PASS] swayosd/xdg-autostart: no references
[PASS] swayosd/host-package: no references
[REPORT] swayosd/planning-archive: 1402 reference(s)
[REPORT] swayosd/repo-prose: 3 reference(s)
Summary: surface=swayosd status=retired failed_classes=0
[SKIP] wleave/own-tree: own-tree path(s) not present under /home/builder/dotfiles: wleave/:hypr/.config/hypr/scripts/wleave.sh
[PASS] wleave/layer-window-rules: no references
[PASS] wleave/autostart: no references
[PASS] wleave/keybinds: no references
[PASS] wleave/contract-json: no references
[PASS] wleave/matugen-templates: no references
[PASS] wleave/checker-internals: no references
[PASS] wleave/test-fixtures: no references
[PASS] wleave/cross-package-refs: no references
[PASS] wleave/install-stow-lists: no references
[PASS] wleave/systemd-units: no references
[PASS] wleave/dbus-activation: no references
[PASS] wleave/xdg-autostart: no references
[PASS] wleave/host-package: no references
[REPORT] wleave/planning-archive: 1815 reference(s)
[REPORT] wleave/repo-prose: 1 reference(s)
Summary: surface=wleave status=retired failed_classes=0
[SKIP] ags/own-tree: own-tree path(s) not present under /home/builder/dotfiles: ags/
[PASS] ags/layer-window-rules: no references
[PASS] ags/autostart: no references
[PASS] ags/keybinds: no references
[PASS] ags/contract-json: no references
[PASS] ags/matugen-templates: no references
[PASS] ags/checker-internals: no references
[PASS] ags/test-fixtures: no references
[PASS] ags/cross-package-refs: no references
[PASS] ags/install-stow-lists: no references
[PASS] ags/systemd-units: no references
[PASS] ags/dbus-activation: no references
[PASS] ags/xdg-autostart: no references
[PASS] ags/host-package: no references
[REPORT] ags/planning-archive: 1378 reference(s)
[REPORT] ags/repo-prose: 107 reference(s)
Summary: surface=ags status=retired failed_classes=0
[SKIP] wlogout/own-tree: no own-tree path declared in the registry for this surface
[PASS] wlogout/layer-window-rules: no references
[PASS] wlogout/autostart: no references
[PASS] wlogout/keybinds: no references
[PASS] wlogout/contract-json: no references
[PASS] wlogout/matugen-templates: no references
[PASS] wlogout/checker-internals: no references
[PASS] wlogout/test-fixtures: no references
[PASS] wlogout/cross-package-refs: no references
[PASS] wlogout/install-stow-lists: no references
[PASS] wlogout/systemd-units: no references
[PASS] wlogout/dbus-activation: no references
[PASS] wlogout/xdg-autostart: no references
[PASS] wlogout/host-package: no references
[REPORT] wlogout/planning-archive: 1147 reference(s)
[REPORT] wlogout/repo-prose: 0 reference(s)
Summary: surface=wlogout status=retired failed_classes=0
[SKIP] eww/own-tree: no own-tree path declared in the registry for this surface
[PASS] eww/layer-window-rules: no references
[PASS] eww/autostart: no references
[PASS] eww/keybinds: no references
[PASS] eww/contract-json: no references
[PASS] eww/matugen-templates: no references
[PASS] eww/checker-internals: no references
[PASS] eww/test-fixtures: no references
[PASS] eww/cross-package-refs: no references
[PASS] eww/install-stow-lists: no references
[PASS] eww/systemd-units: no references
[PASS] eww/dbus-activation: no references
[PASS] eww/xdg-autostart: no references
[PASS] eww/host-package: no references
[REPORT] eww/planning-archive: 1305 reference(s)
[REPORT] eww/repo-prose: 27 reference(s)
Summary: surface=eww status=retired failed_classes=0
[PASS] retirement-fixture/own-tree: no references
[PASS] retirement-fixture/layer-window-rules: no references
[PASS] retirement-fixture/autostart: no references
[PASS] retirement-fixture/keybinds: no references
[PASS] retirement-fixture/contract-json: no references
[PASS] retirement-fixture/matugen-templates: no references
[PASS] retirement-fixture/checker-internals: no references
[PASS] retirement-fixture/test-fixtures: no references
[PASS] retirement-fixture/cross-package-refs: no references
[PASS] retirement-fixture/install-stow-lists: no references
[PASS] retirement-fixture/systemd-units: no references
[PASS] retirement-fixture/dbus-activation: no references
[PASS] retirement-fixture/xdg-autostart: no references
[PASS] retirement-fixture/host-package: no references
[REPORT] retirement-fixture/planning-archive: 113 reference(s)
[REPORT] retirement-fixture/repo-prose: 1 reference(s)
Summary: surface=retirement-fixture status=retired failed_classes=0
